Compiling
Running
Should be printed first.
Thread has been delayed by 1/10 seconds.
Thread has been delayed by 2/10 seconds.
Should be printed at the end.
Done
